// Jest Snapshot v1, https://goo.gl/fbAQLP

exports[`NavBar Component Layout Tests check the presence of the navbar container 1`] = `
<DocumentFragment>
  <div
    class="bg-iw-navigationBar text-iw-title p-4 py-10"
    data-testid="NavBar-Outer-Container"
  >
    <nav
      class=" mx-auto flex flex-col justify-start container items-start
 sm:flex-row sm:justify-start sm:items-center"
      data-testid="NavBar-Inner-Container"
    >
      <div
        class="flex items-center my-5 sm:my-0"
      >
        <div
          class="cursor-pointer"
        >
          <svg
            data-testid="NavBar-Back-Arrow"
            fill="currentColor"
            height="24"
            stroke="currentColor"
            stroke-width="0"
            viewBox="0 0 512 512"
            width="24"
            xmlns="http://www.w3.org/2000/svg"
          >
            <path
              d="M244 400 100 256l144-144M120 256h292"
              fill="none"
              stroke-linecap="round"
              stroke-linejoin="round"
              stroke-width="48"
            />
          </svg>
        </div>
        <span
          class="text-2xl font-semibold ps-2 whitespace-nowrap"
          data-testid="NavBar-Text"
        >
          Test Title
        </span>
      </div>
      <div
        data-testid="SearchCredential"
      >
        Search
      </div>
    </nav>
  </div>
</DocumentFragment>
`;
