// Jest Snapshot v1, https://goo.gl/fbAQLP

exports[`Footer Container check the presence of the container 1`] = `
<DocumentFragment>
  <footer
    class="fixed bottom-0 left-0 right-0 py-4 text-center transform rotate-180 shadow-sm shadow-iw-shadow bg-iw-footer"
    data-testid="Footer-Container"
  >
    <div
      class="container mx-auto"
    >
      <p
        class="text-black transform rotate-180"
        data-testid="Footer-Text"
      >
        Footer.copyRight
      </p>
    </div>
  </footer>
</DocumentFragment>
`;
